INFO         | Android emulator version 36.4.10.0 (build_id 15004761) (CL:N/A)
INFO         | Graphics backend: gfxstream
INFO         | Found systemPath C:\Users\babys\AppData\Local\Android\Sdk\system-images\android-36\google_apis_playstore\x86_64\
WARNING      | Please update the emulator to one that supports the feature(s): VulkanVirtualQueue
INFO         | IPv4 server found: 1.1.1.1
INFO         | Ignore IPv6 address: 2010:2f18:8401:0:2010:2f18:8401:0
INFO         | Ignore IPv6 address: 2010:2f18:8401:0:2010:2f18:8401:0
INFO         | Ignore IPv6 address: 2010:2f18:8401:0:2010:2f18:8401:0
INFO         | Ignore IPv6 address: 1016:2f18:8401:0:2010:2f18:8401:0
INFO         | Ignore IPv6 address: 1016:2f18:8401:0:2010:2f18:8401:0
INFO         | Ignore IPv6 address: 1016:2f18:8401:0:2010:2f18:8401:0
INFO         | Ignore IPv6 address: f81b:2f18:8401:0:2010:2f18:8401:0
INFO         | Ignore IPv6 address: f81b:2f18:8401:0:2010:2f18:8401:0
INFO         | Ignore IPv6 address: f81b:2f18:8401:0:2010:2f18:8401:0
INFO         | Ignore IPv6 address: 1028:2f18:8401:0:2010:2f18:8401:0
INFO         | Ignore IPv6 address: 1028:2f18:8401:0:2010:2f18:8401:0
INFO         | Ignore IPv6 address: 1028:2f18:8401:0:2010:2f18:8401:0
INFO         | Ignore IPv6 address: e82f:2f18:8401:0:2010:2f18:8401:0
INFO         | Ignore IPv6 address: e82f:2f18:8401:0:2010:2f18:8401:0
INFO         | Ignore IPv6 address: e82f:2f18:8401:0:2010:2f18:8401:0
INFO         | Ignore IPv6 address: e835:2f18:8401:0:2010:2f18:8401:0
INFO         | Ignore IPv6 address: e835:2f18:8401:0:2010:2f18:8401:0
INFO         | Ignore IPv6 address: e835:2f18:8401:0:2010:2f18:8401:0
INFO         | Ignore IPv6 address: 3c:2f18:8401:0:2010:2f18:8401:0
INFO         | Ignore IPv6 address: 3c:2f18:8401:0:2010:2f18:8401:0
INFO         | Ignore IPv6 address: 3c:2f18:8401:0:2010:2f18:8401:0
INFO         | Ignore IPv6 address: 1842:2f18:8401:0:2010:2f18:8401:0
INFO         | Ignore IPv6 address: 504e:2f18:8401:0:2010:2f18:8401:0
INFO         | Ignore IPv6 address: 504e:2f18:8401:0:2010:2f18:8401:0
INFO         | Ignore IPv6 address: 504e:2f18:8401:0:2010:2f18:8401:0
INFO         | Guest GLES Driver: Auto (ext controls)
INFO         | emuglConfig_init: vulkan_mode_selected:host gles_mode_selected:host
INFO         | emuglConfig_get_vulkan_hardware_gpu_support_info: Found physical GPU 'NVIDIA GeForce RTX 3070 Ti Laptop GPU', type: VK_PHYSICAL_DEVICE_TYPE_DISCRETE_GPU, apiVersion: 1.4.329, driverVersion: 596.36

INFO         | emuglConfig_get_vulkan_hardware_gpu_support_info: Found physical GPU 'AMD Radeon(TM) Graphics', type: VK_PHYSICAL_DEVICE_TYPE_INTEGRATED_GPU, apiVersion: 1.3.217, driverVersion: 2.0.233

INFO         | Checking system compatibility:
INFO         |   Checking: hasCompatibleHypervisor
INFO         |      Ok: Hypervisor compatibility to run avd: `Medium_Phone_API_36.0` are met
INFO         |   Checking: hasSufficientSystem
INFO         |      Ok: System requirements to run avd: `Medium_Phone_API_36.0` are met
INFO         |   Checking: hasSufficientHwGpu
INFO         |      Ok: Hardware GPU requirements to run avd: `Medium_Phone_API_36.0` are passed
INFO         |   Checking: hasSufficientDiskSpace
INFO         |      Ok: Disk space requirements to run avd: `Medium_Phone_API_36.0` are met
WARNING      | Emulator does not support more than 6 cores. Number of cores set to 6
INFO         | Critical: Failed to load opengl32sw (The specified module could not be found.) (:0, )
INFO         | Warning: Software OpenGL failed. Falling back to system OpenGL. (:0, )
INFO         | Storing crashdata in: C:\Users\babys\AppData\Local\Temp\\AndroidEmulator\emu-crash-36.4.10.db, detection is enabled for process: 171436
INFO         | Initializing gfxstream backend
INFO         | android_startOpenglesRenderer: gpu info
INFO         | GPU #1
  Make: 10de
  Model: NVIDIA GeForce RTX 3070 Ti Laptop GPU
  Device ID: 24a0

INFO         | SharedLibrary::open for [C:\Users\babys\AppData\Local\Android\Sdk\emulator\qemu\windows-x86_64\lib64\vulkan\vulkan-1.dll]
INFO         | SharedLibrary::open for [C:\Users\babys\AppData\Local\Android\Sdk\emulator\lib64\vulkan\vulkan-1.dll]
INFO         | Added library: C:\Users\babys\AppData\Local\Android\Sdk\emulator\lib64\vulkan\vulkan-1.dll
INFO         | Selecting Vulkan device: NVIDIA GeForce RTX 3070 Ti Laptop GPU, Version: 1.4.329
INFO         | Initializing VkEmulation features:
INFO         |     glInteropSupported: true
INFO         |     useDeferredCommands: true
INFO         |     createResourceWithRequirements: true
INFO         |     useVulkanComposition: false
INFO         |     useVulkanNativeSwapchain: false
INFO         |     enable guestRenderDoc: false
INFO         |     ASTC LDR emulation mode: Gpu
INFO         |     enable ETC2 emulation: true
INFO         |     enable Ycbcr emulation: false
INFO         |     guestVulkanOnly: false
INFO         |     useDedicatedAllocations: false
INFO         | Graphics Adapter Vendor Google (NVIDIA Corporation)
INFO         | Graphics Adapter Android Emulator OpenGL ES Translator (NVIDIA GeForce RTX 3070 Ti Laptop GPU/PCIe/SSE2)
INFO         | Graphics API Version OpenGL ES 3.0 (4.5.0 NVIDIA 596.36)
INFO         | Graphics API Extensions GL_OES_EGL_sync GL_OES_EGL_image GL_OES_EGL_image_external GL_OES_depth24 GL_OES_depth32 GL_OES_element_index_uint GL_OES_texture_float GL_OES_texture_float_linear GL_OES_compressed_paletted_texture GL_OES_compressed_ETC1_RGB8_texture GL_OES_depth_texture GL_OES_texture_half_float GL_OES_texture_half_float_linear GL_OES_packed_depth_stencil GL_OES_vertex_half_float GL_OES_texture_npot GL_OES_rgb8_rgba8 GL_OVR_multiview2 GL_EXT_multiview_texture_multisample GL_EXT_color_buffer_float GL_EXT_color_buffer_half_float GL_EXT_texture_format_BGRA8888 GL_APPLE_texture_format_BGRA8888 GL_EXT_texture_buffer 
INFO         | Graphics Device Extensions N/A
INFO         | Disabling sparse binding feature support
INFO         | Sending adb public key [QAAAAMe033IJM+lEgs7hc7vI8CI/y1gi254SZdvMhXbyZODLeFgIuWrsaz5OLFZ/ufuH/rgpqrSyisyVKPAFpOeyFrokFMyxZk12ZcNsUEprcgeKP65JdhDwSATpd83/jYRpz52eYFf1uyJ7eCdRHRboF64OhRhsSbybPYtK9GO9GTmkisIwQG5mSK7jD5LtG6f0veelJ+EMK/FXrywB61Mk647O7J0gQa01Gn1GEb6ax7nifP6NjA1U+XYvJ8bq9jonCtIL/rklFV1opdRVQg2auh3PwLTgDryvxeCUMNc8hB+84L6iKlKld3hyjRt9l5kKmxw6XxvcQWxbCuA7XuTtHEvkBky7Gzdk3nb9+QhAsa5INiaEsptQvqhQOYy34TV6LnL1PgG5y5Tl+CihpOQVjbitpJNnJZ2O9SRln3d7wgF/boTeRtzsFndUTWQGF6F56EYYNq80sOGW4I2AfCAq9JdSsZhh6Wkk7oxoIGBuTAOVOLOEu2BnpgRYP8pyDjuZObfpc3GsYzs+uiJGKiyYoxaRuCLSHM6zwqwb1w8iabGzrvM1qsvrpiDeswZ3Bj29cmHk21IDpMu/eJafDB0y0lL8YMzRtFcwabHxSKRhgNAuf0zI0kc8wHcOh3qDzDE1Gtuulzs177edU7mrVULVTTWHgL8SxVxoKs9LH0nVjTSveqv2NAEAAQA= @unknown]
INFO         | Userspace boot properties:
INFO         |   androidboot.boot_devices=pci0000:00/0000:00:03.0 pci0000:00/0000:00:06.0
INFO         |   androidboot.dalvik.vm.heapsize=512m
INFO         |   androidboot.debug.hwui.renderer=skiagl
INFO         |   androidboot.hardware=ranchu
INFO         |   androidboot.hardware.gltransport=pipe
INFO         |   androidboot.hardware.vulkan=ranchu
INFO         |   androidboot.logcat=*:V
INFO         |   androidboot.opengles.version=196609
INFO         |   androidboot.qemu=1
INFO         |   androidboot.qemu.adb.pubkey=QAAAAMe033IJM+lEgs7hc7vI8CI/y1gi254SZdvMhXbyZODLeFgIuWrsaz5OLFZ/ufuH/rgpqrSyisyVKPAFpOeyFrokFMyxZk12ZcNsUEprcgeKP65JdhDwSATpd83/jYRpz52eYFf1uyJ7eCdRHRboF64OhRhsSbybPYtK9GO9GTmkisIwQG5mSK7jD5LtG6f0veelJ+EMK/FXrywB61Mk647O7J0gQa01Gn1GEb6ax7nifP6NjA1U+XYvJ8bq9jonCtIL/rklFV1opdRVQg2auh3PwLTgDryvxeCUMNc8hB+84L6iKlKld3hyjRt9l5kKmxw6XxvcQWxbCuA7XuTtHEvkBky7Gzdk3nb9+QhAsa5INiaEsptQvqhQOYy34TV6LnL1PgG5y5Tl+CihpOQVjbitpJNnJZ2O9SRln3d7wgF/boTeRtzsFndUTWQGF6F56EYYNq80sOGW4I2AfCAq9JdSsZhh6Wkk7oxoIGBuTAOVOLOEu2BnpgRYP8pyDjuZObfpc3GsYzs+uiJGKiyYoxaRuCLSHM6zwqwb1w8iabGzrvM1qsvrpiDeswZ3Bj29cmHk21IDpMu/eJafDB0y0lL8YMzRtFcwabHxSKRhgNAuf0zI0kc8wHcOh3qDzDE1Gtuulzs177edU7mrVULVTTWHgL8SxVxoKs9LH0nVjTSveqv2NAEAAQA= @unknown
INFO         |   androidboot.qemu.avd_name=Medium_Phone_API_36.0
INFO         |   androidboot.qemu.camera_hq_edge_processing=0
INFO         |   androidboot.qemu.camera_protocol_ver=1
INFO         |   androidboot.qemu.cpuvulkan.version=4202496
INFO         |   androidboot.qemu.gltransport.drawFlushInterval=800
INFO         |   androidboot.qemu.gltransport.name=pipe
INFO         |   androidboot.qemu.hwcodec.avcdec=2
INFO         |   androidboot.qemu.hwcodec.hevcdec=2
INFO         |   androidboot.qemu.hwcodec.vpxdec=2
INFO         |   androidboot.qemu.settings.system.screen_off_timeout=2147483647
INFO         |   androidboot.qemu.skin=1080x2400
INFO         |   androidboot.qemu.virtiowifi=1
INFO         |   androidboot.qemu.vsync=60
INFO         |   androidboot.serialno=EMULATOR36X4X10X0
INFO         |   androidboot.vbmeta.digest=43d61dbc053c8dbf3adaff951e5bdfcf174ece9dd24ffe8e6120f951cb412b2a
INFO         |   androidboot.vbmeta.hash_alg=sha256
INFO         |   androidboot.vbmeta.size=6784
INFO         |   androidboot.veritymode=enforcing
WHPX on Windows 10.0.26200 detected.
Windows Hypervisor Platform accelerator is operational
netsimd I 09-05 05:44:37.940 daemon\src\rust_main.rs:100 - netsim artifacts path: "C:\\Users\\babys\\AppData\\Local\\Temp\\netsimd"
netsimd I 09-05 05:44:37.940 daemon\src\rust_main.rs:103 - NetsimdArgs {
    fd_startup_str: None,
    no_cli_ui: true,
    no_web_ui: true,
    pcap: false,
    disable_address_reuse: false,
    hci_port: None,
    connector_instance: None,
    instance: None,
    logtostderr: false,
    dev: false,
    forward_host_mdns: false,
    vsock: None,
    config: None,
    host_dns: Some(
        "1.1.1.1",
    ),
    http_proxy: None,
    wifi_tap: None,
    wifi: None,
    test_beacons: false,
    no_test_beacons: false,
    no_shutdown: false,
    verbose: false,
    version: false,
    debug: DebugArgs {
        debug_no_traffic: false,
        debug_no_network: false,
        debug_no_wmedium: false,
        debug_no_mdns_wmedium: false,
        debug_no_guest_to_host_mdns: false,
    },
    rssi: None,
}
INFO         | Monitoring duration of emulator setup.
WARNING      | The emulator now requires a signed jwt token for gRPC access! Use the -grpc flag if you really want an open unprotected grpc port
INFO         | Using security allow list from: C:\Users\babys\AppData\Local\Android\Sdk\emulator\lib\emulator_access.json
WARNING      | *** Basic token auth should only be used by android-studio ***
INFO         | The active JSON Web Key Sets can be found here: C:\Users\babys\AppData\Local\Temp\avd\running\171436\jwks\d33dfd1a-09dd-41c1-8837-b18176240a28\active.jwk
INFO         | Scanning C:\Users\babys\AppData\Local\Temp\avd\running\171436\jwks\d33dfd1a-09dd-41c1-8837-b18176240a28 for jwk keys.
INFO         | Started GRPC server at 127.0.0.1:8554, security: Local, auth: +token
INFO         | Advertising in: C:\Users\babys\AppData\Local\Temp\avd\running\pid_171436.ini
INFO         | Setting display: 0 configuration to: 1080x2400, dpi: 420x420 
INFO         | setDisplayActiveConfig 0
INFO         | Checking system compatibility:
INFO         |   Checking: hasCompatibleHypervisor
INFO         |      Ok: Hypervisor compatibility to run avd: `Medium_Phone_API_36.0` are met
INFO         |   Checking: hasSufficientSystem
INFO         |      Ok: System requirements to run avd: `Medium_Phone_API_36.0` are met
INFO         |   Checking: hasSufficientHwGpu
INFO         |      Ok: Hardware GPU requirements to run avd: `Medium_Phone_API_36.0` are passed
INFO         |   Checking: hasSufficientDiskSpace
INFO         |      Ok: Disk space requirements to run avd: `Medium_Phone_API_36.0` are met
USER_INFO    | Emulator is performing a full startup. This may take upto two minutes, or more.
INFO         | Warning: QMetaObject::connectSlotsByName: No matching signal for on_rgbcSensorValueWidget_valueChanged() (:0, )
INFO         | Warning: QMetaObject::connectSlotsByName: No matching signal for on_posture_valueChanged(int) (:0, )
INFO         | Warning: QObject::connect: Cannot queue arguments of type 'std::vector<android::emulation::control::SnapshotInfo>'
(Make sure 'std::vector<android::emulation::control::SnapshotInfo>' is registered using qRegisterMetaType().) (:0, )
INFO         | AVD supportsNativeGLES=1, supportsGuestAngle=1
INFO         | Guest Angle is still unstable for API > 35.
INFO         | Activated packet streamer for uwb emulation
INFO         | Activated packet streamer for bluetooth emulation
INFO         | Created extended window in 1.170614s
WARNING      | adb command 'C:\Users\babys\AppData\Local\Android\Sdk\platform-tools\adb.exe -s emulator-5554 shell getprop sys.boot_completed ' failed: 'adb.exe: device offline'
WARNING      | adb command 'C:\Users\babys\AppData\Local\Android\Sdk\platform-tools\adb.exe -s emulator-5554 shell getprop sys.boot_completed ' failed: 'adb.exe: device offline'
INFO         | Critical: UpdateLayeredWindowIndirect failed for ptDst=(1348, -788), size=(525x37), dirty=(525x39 0, 0) (A device attached to the system is not functioning.) (:0, )
INFO         | Boot completed in 34003 ms
INFO         | Increasing screen off timeout, logcat buffer size to 2M.
INFO         | Critical: UpdateLayeredWindowIndirect failed for ptDst=(1348, -788), size=(525x37), dirty=(525x39 0, 0) (A device attached to the system is not functioning.) (:0, )
INFO         | IPv4 server found: 1.1.1.1
INFO         | Ignore IPv6 address: 70e8:c173:8501:0:70e8:c173:8501:0
INFO         | Ignore IPv6 address: 70e8:c173:8501:0:70e8:c173:8501:0
INFO         | Ignore IPv6 address: 70e8:c173:8501:0:70e8:c173:8501:0
INFO         | Ignore IPv6 address: 60ee:c173:8501:0:70e8:c173:8501:0
INFO         | Ignore IPv6 address: 60ee:c173:8501:0:70e8:c173:8501:0
INFO         | Ignore IPv6 address: 60ee:c173:8501:0:70e8:c173:8501:0
INFO         | Ignore IPv6 address: 48f4:c173:8501:0:70e8:c173:8501:0
INFO         | Ignore IPv6 address: 48f4:c173:8501:0:70e8:c173:8501:0
INFO         | Ignore IPv6 address: 48f4:c173:8501:0:70e8:c173:8501:0
INFO         | Ignore IPv6 address: 6000:c273:8501:0:70e8:c173:8501:0
INFO         | Ignore IPv6 address: 6000:c273:8501:0:70e8:c173:8501:0
INFO         | Ignore IPv6 address: 6000:c273:8501:0:70e8:c173:8501:0
INFO         | Ignore IPv6 address: 3808:c273:8501:0:70e8:c173:8501:0
INFO         | Ignore IPv6 address: 3808:c273:8501:0:70e8:c173:8501:0
INFO         | Ignore IPv6 address: 3808:c273:8501:0:70e8:c173:8501:0
INFO         | Ignore IPv6 address: 380e:c273:8501:0:70e8:c173:8501:0
INFO         | Ignore IPv6 address: 380e:c273:8501:0:70e8:c173:8501:0
INFO         | Ignore IPv6 address: 380e:c273:8501:0:70e8:c173:8501:0
INFO         | Ignore IPv6 address: 5014:c273:8501:0:70e8:c173:8501:0
INFO         | Ignore IPv6 address: 5014:c273:8501:0:70e8:c173:8501:0
INFO         | Ignore IPv6 address: 5014:c273:8501:0:70e8:c173:8501:0
INFO         | Ignore IPv6 address: 681a:c273:8501:0:70e8:c173:8501:0
INFO         | Ignore IPv6 address: a026:c273:8501:0:70e8:c173:8501:0
INFO         | Ignore IPv6 address: a026:c273:8501:0:70e8:c173:8501:0
INFO         | Ignore IPv6 address: a026:c273:8501:0:70e8:c173:8501:0
INFO         | IPv4 server found: 1.1.1.1
INFO         | Ignore IPv6 address: 70e8:c173:8501:0:70e8:c173:8501:0
INFO         | Ignore IPv6 address: 70e8:c173:8501:0:70e8:c173:8501:0
INFO         | Ignore IPv6 address: 70e8:c173:8501:0:70e8:c173:8501:0
INFO         | Ignore IPv6 address: 60ee:c173:8501:0:70e8:c173:8501:0
INFO         | Ignore IPv6 address: 60ee:c173:8501:0:70e8:c173:8501:0
INFO         | Ignore IPv6 address: 60ee:c173:8501:0:70e8:c173:8501:0
INFO         | Ignore IPv6 address: 48f4:c173:8501:0:70e8:c173:8501:0
INFO         | Ignore IPv6 address: 48f4:c173:8501:0:70e8:c173:8501:0
INFO         | Ignore IPv6 address: 48f4:c173:8501:0:70e8:c173:8501:0
INFO         | Ignore IPv6 address: 6000:c273:8501:0:70e8:c173:8501:0
INFO         | Ignore IPv6 address: 6000:c273:8501:0:70e8:c173:8501:0
INFO         | Ignore IPv6 address: 6000:c273:8501:0:70e8:c173:8501:0
INFO         | Ignore IPv6 address: 3808:c273:8501:0:70e8:c173:8501:0
INFO         | Ignore IPv6 address: 3808:c273:8501:0:70e8:c173:8501:0
INFO         | Ignore IPv6 address: 3808:c273:8501:0:70e8:c173:8501:0
INFO         | Ignore IPv6 address: 380e:c273:8501:0:70e8:c173:8501:0
INFO         | Ignore IPv6 address: 380e:c273:8501:0:70e8:c173:8501:0
INFO         | Ignore IPv6 address: 380e:c273:8501:0:70e8:c173:8501:0
INFO         | Ignore IPv6 address: 5014:c273:8501:0:70e8:c173:8501:0
INFO         | Ignore IPv6 address: 5014:c273:8501:0:70e8:c173:8501:0
INFO         | Ignore IPv6 address: 5014:c273:8501:0:70e8:c173:8501:0
INFO         | Ignore IPv6 address: 681a:c273:8501:0:70e8:c173:8501:0
INFO         | Ignore IPv6 address: a026:c273:8501:0:70e8:c173:8501:0
INFO         | Ignore IPv6 address: a026:c273:8501:0:70e8:c173:8501:0
INFO         | Ignore IPv6 address: a026:c273:8501:0:70e8:c173:8501:0
INFO         | IPv4 server found: 1.1.1.1
INFO         | Ignore IPv6 address: 70e8:c173:8501:0:70e8:c173:8501:0
INFO         | Ignore IPv6 address: 70e8:c173:8501:0:70e8:c173:8501:0
INFO         | Ignore IPv6 address: 70e8:c173:8501:0:70e8:c173:8501:0
INFO         | Ignore IPv6 address: 60ee:c173:8501:0:70e8:c173:8501:0
INFO         | Ignore IPv6 address: 60ee:c173:8501:0:70e8:c173:8501:0
INFO         | Ignore IPv6 address: 60ee:c173:8501:0:70e8:c173:8501:0
INFO         | Ignore IPv6 address: 48f4:c173:8501:0:70e8:c173:8501:0
INFO         | Ignore IPv6 address: 48f4:c173:8501:0:70e8:c173:8501:0
INFO         | Ignore IPv6 address: 48f4:c173:8501:0:70e8:c173:8501:0
INFO         | Ignore IPv6 address: 6000:c273:8501:0:70e8:c173:8501:0
INFO         | Ignore IPv6 address: 6000:c273:8501:0:70e8:c173:8501:0
INFO         | Ignore IPv6 address: 6000:c273:8501:0:70e8:c173:8501:0
INFO         | Ignore IPv6 address: 3808:c273:8501:0:70e8:c173:8501:0
INFO         | Ignore IPv6 address: 3808:c273:8501:0:70e8:c173:8501:0
INFO         | Ignore IPv6 address: 3808:c273:8501:0:70e8:c173:8501:0
INFO         | Ignore IPv6 address: 380e:c273:8501:0:70e8:c173:8501:0
INFO         | Ignore IPv6 address: 380e:c273:8501:0:70e8:c173:8501:0
INFO         | Ignore IPv6 address: 380e:c273:8501:0:70e8:c173:8501:0
INFO         | Ignore IPv6 address: 5014:c273:8501:0:70e8:c173:8501:0
INFO         | Ignore IPv6 address: 5014:c273:8501:0:70e8:c173:8501:0
INFO         | Ignore IPv6 address: 5014:c273:8501:0:70e8:c173:8501:0
INFO         | Ignore IPv6 address: 681a:c273:8501:0:70e8:c173:8501:0
INFO         | Ignore IPv6 address: a026:c273:8501:0:70e8:c173:8501:0
INFO         | Ignore IPv6 address: a026:c273:8501:0:70e8:c173:8501:0
INFO         | Ignore IPv6 address: a026:c273:8501:0:70e8:c173:8501:0
ERROR        | adb protocol fault (couldn't read status length)
